[2025-12-17 17:32:16] ═══════════════════════════════════════════════════════════
[2025-12-17 17:32:16] 🔵 DEBUG POST: machine_components recebido
[2025-12-17 17:32:16] Valor bruto do POST['machine_components']: '{"CPU":{"productId":50,"productName":"Ryzen 5"},"RAM":[{"productId":52,"productName":"TESTE"},{"productId":52,"productName":"TESTE"}],"HDD":[{"productId":51,"productName":"SSD KIGSCAO"},{"productId":51,"productName":"SSD KIGSCAO"}]}'
[2025-12-17 17:32:16] Valor após trim: '{"CPU":{"productId":50,"productName":"Ryzen 5"},"RAM":[{"productId":52,"productName":"TESTE"},{"productId":52,"productName":"TESTE"}],"HDD":[{"productId":51,"productName":"SSD KIGSCAO"},{"productId":51,"productName":"SSD KIGSCAO"}]}'
[2025-12-17 17:32:16] Está vazio? NÃO
[2025-12-17 17:32:16] É igual a '{}'? NÃO
[2025-12-17 17:32:16] ═══════════════════════════════════════════════════════════
[2025-12-17 17:32:16] 🔵 DEBUG: Iniciando saveMachineComponents para máquina 39
[2025-12-17 17:32:16] ❌ ERRO ao salvar componentes da máquina: There is no active transaction
[2025-12-17 17:32:16] ❌ Stack trace: #0 C:\xampp\htdocs\sistema5\includes\machine_components_functions.php(213): PDO->commit()
#1 C:\xampp\htdocs\sistema5\modules\machines\add_machine.php(212): saveMachineComponents(Object(PDO), '39', '{"CPU":{"produc...')
#2 {main}
[2025-12-17 17:38:22] ═══════════════════════════════════════════════════════════
[2025-12-17 17:38:22] 🔵 DEBUG POST: machine_components recebido
[2025-12-17 17:38:22] Valor bruto do POST['machine_components']: '{"CPU":{"productId":50,"productName":"Ryzen 5"},"RAM":[{"productId":52,"productName":"TESTE"},{"productId":52,"productName":"TESTE"}],"HDD":[{"productId":51,"productName":"SSD KIGSCAO"},{"productId":51,"productName":"SSD KIGSCAO"}]}'
[2025-12-17 17:38:22] Valor após trim: '{"CPU":{"productId":50,"productName":"Ryzen 5"},"RAM":[{"productId":52,"productName":"TESTE"},{"productId":52,"productName":"TESTE"}],"HDD":[{"productId":51,"productName":"SSD KIGSCAO"},{"productId":51,"productName":"SSD KIGSCAO"}]}'
[2025-12-17 17:38:22] Está vazio? NÃO
[2025-12-17 17:38:22] É igual a '{}'? NÃO
[2025-12-17 17:38:22] ═══════════════════════════════════════════════════════════
[2025-12-17 17:38:22] 🔵 DEBUG: Iniciando saveMachineComponents para máquina 40
[2025-12-17 17:38:22] 🔵 DEBUG: saveMachineComponents concluído
[2025-12-17 17:38:22] 🔵 DEBUG: Iniciando deductProductsStock para máquina 40
[2025-12-17 17:38:22] 🔵 DEBUG: deductProductsStock concluído
